now 20000  led: 1
now 30000  led: 0
now 40000  led: 1
now 60000  led: 1
now 80000  led: 0
now 90000  led: 1
now 100000  led: 0
now 120000  led: 0
now 140000  led: 1
now 150000  led: 0
now 160000  led: 1
now 180000  led: 1
now 200000  led: 0
now 210000  led: 1
now 220000  led: 0
now 240000  led: 0
now 260000  led: 1
now 270000  led: 0
now 280000  led: 1
now 300000  led: 1
now 320000  led: 0
now 330000  led: 1
now 340000  led: 0
now 360000  led: 0
now 380000  led: 1
now 390000  led: 0
now 400000  led: 1
now 420000  led: 1
now 440000  led: 0
now 450000  led: 1
now 460000  led: 0
now 480000  led: 0
now 500000  led: 1
